
<form id="a0eebc99-9c0b-1ef8-bb6d-6bb9bd380a11" title="Email subscription" action="http://localhost:8080/api/v1/a0eebc99-9c0b-1ef8-bb6d-6bb9bd380a11" method="post" enctype="application/x-www-form-urlencoded"><label for="a0eebc99-9c0b-1ef8-bb6d-6bb9bd380a11_email">Email</label><input id="a0eebc99-9c0b-1ef8-bb6d-6bb9bd380a11_email" name="email" type="email" title="Email" maxlength="64" required><input id="a0eebc99-9c0b-1ef8-bb6d-6bb9bd380a11__redirect" name="_redirect" type="hidden" value="https://kamil.samigullin.info/"></form>
