<form title="Email subscription" action="https://kamil.samigullin.info/" method="post" enctype="application/x-www-form-urlencoded"><label for="">Email</label><input name="email" type="email" title="Email" maxlength="64" required><input type="submit"></form>
