<form id="a0eebc99-9c0b-1ef8-bb6d-6bb9bd380a11" title="Email subscription" action="" method="post" enctype="application/x-www-form-urlencoded"><input id="a0eebc99-9c0b-1ef8-bb6d-6bb9bd380a11_email" name="email" type="email" title="Email" maxlength="64" required="1"/><input id="a0eebc99-9c0b-1ef8-bb6d-6bb9bd380a11_redirect" name="redirect" type="hidden" value="https://kamil.samigullin.info/"/></form>
