<form title="Email subscription" action="http://localhost:8080/api/v1/a0eebc99-9c0b-1ef8-bb6d-6bb9bd380a11"><input name="email" type="email" title="Email" maxlength="64" required="true"></input><input name="_redirect" type="hidden" value="https://kamil.samigullin.info/"></input></form>
